// Golden scenario — op 0x23 sub 1 (change password). WIRE CONTRACT DOC ONLY.
// NOT runnable as an in-memory auto-scenario: handle_account_mgmt requires a
// live MySQL pool (system.rs pool gate -> shutdown when absent) AND an already
// logged-in session (uses conn.session.id). Replaying this frame through the
// socketless harness therefore yields a shutdown, not the S2C below.
//
// Reproduce against a live DB for an account that is logged in and whose
// pass1 = pass2 = "1111111111".
//
// C2S payload = 4 length-prefixed strings: old1, new1, old2, new2.
//   old1="1111111111"(10) new1="abcdefgh"(8) old2="1111111111"(10) new2="abcdefgh"(8)
// Success: F4440300230101 (sub 1 result 01).
// old1 mismatch -> F4440300230102; old2 mismatch OR new password failing the
// [8,10] printable-ASCII policy -> F4440300230103.
<<F4442A0023010A313131313131313131310861626364656667680A31313131313131313131086162636465666768

>>F4440300230101
